// Jest Snapshot v1, https://goo.gl/fbAQLP

exports[`Gallery component renders the text inside it 1`] = `
<div
  className="gallery-container"
>
  Gallery
</div>
`;
